total 472
drwxrwxr-x  3 adi adi   4096 Jun 29 20:37 .
drwxrwxr-x 10 adi adi   4096 Jun 29 12:40 ..
-rw-rw-r--  1 adi adi  12283 Jun 29 18:35 ai_suggest.c
-rw-rw-r--  1 adi adi  21960 Jun 29 20:36 ai_suggest.o
-rw-rw-r--  1 adi adi   6628 Jun 29 17:59 commands.c
-rw-rw-r--  1 adi adi  19504 Jun 29 20:36 commands.o
-rw-rw-r--  1 adi adi   6602 Jun 12 11:34 extra.md
drwxrwxr-x  8 adi adi   4096 Jun 12 11:44 .git
-rw-rw-r--  1 adi adi    223 Jun 12 11:41 .gitignore
-rw-rw-r--  1 adi adi  11977 Jun 29 19:15 llm_client.c
-rw-rw-r--  1 adi adi   1422 Jun 29 19:12 llm_client.h
-rw-rw-r--  1 adi adi  54248 Jun 29 20:36 llm_client.o
-rw-rw-r--  1 adi adi   7151 Jun 29 20:14 llm_integration.c
-rw-rw-r--  1 adi adi    658 Jun 29 19:48 llm_integration.h
-rw-rw-r--  1 adi adi   4260 Jun 29 19:14 LLM_INTEGRATION.md
-rw-rw-r--  1 adi adi  32336 Jun 29 20:36 llm_integration.o
-rw-rw-r--  1 adi adi  10304 Jun 29 20:34 main.c
-rw-rw-r--  1 adi adi  29152 Jun 29 20:36 main.o
-rw-rw-r--  1 adi adi    394 Jun 29 19:09 Makefile
-rwxrwxr-x  1 adi adi 125184 Jun 29 20:36 myshell
-rw-rw-r--  1 adi adi   2425 Jun 29 12:54 natural_commands.c
-rw-rw-r--  1 adi adi   8560 Jun 29 20:36 natural_commands.o
-rw-rw-r--  1 adi adi   3654 Jun 12 11:14 parser.c
-rw-rw-r--  1 adi adi  11088 Jun 29 20:36 parser.o
-rw-rw-r--  1 adi adi   2626 Jun 12 11:44 README.md
-rw-rw-r--  1 adi adi  10592 Jun 29 20:35 shell.c
-rw-rw-r--  1 adi adi   4279 Jun 29 12:51 Shell_Explanation.md
-rw-rw-r--  1 adi adi   3403 Jun 29 19:48 shell.h
-rw-rw-r--  1 adi adi  26776 Jun 29 20:36 shell.o
-rw-rw-r--  1 adi adi      0 Jun 29 20:37 test_output.txt
